#! /c/Source/iverilog-install/bin/vvp
:ivl_version "12.0 (devel)" "(s20150603-1539-g2693dd32b)";
:ivl_delay_selection "TYPICAL";
:vpi_time_precision - 12;
:vpi_module "C:\iverilog\lib\ivl\system.vpi";
:vpi_module "C:\iverilog\lib\ivl\vhdl_sys.vpi";
:vpi_module "C:\iverilog\lib\ivl\vhdl_textio.vpi";
:vpi_module "C:\iverilog\lib\ivl\v2005_math.vpi";
:vpi_module "C:\iverilog\lib\ivl\va_math.vpi";
S_000002931e4145e0 .scope module, "ALU" "ALU" 2 4;
 .timescale 0 0;
    .port_info 0 /INPUT 64 "A";
    .port_info 1 /INPUT 64 "B";
    .port_info 2 /INPUT 3 "ALUOP";
    .port_info 3 /OUTPUT 64 "result";
    .port_info 4 /OUTPUT 1 "ZF";
    .port_info 5 /OUTPUT 1 "BF";
o000002931e44d258 .functor BUFZ 64, C4<zzzzzzzzzzzzzzzzzzzzzzzzzzzzzzzzzzzzzzzzzzzzzzzzzzzzzzzzzzzzzzzz>; HiZ drive
v000002931e443760_0 .net "A", 63 0, o000002931e44d258;  0 drivers
o000002931e44d288 .functor BUFZ 3, C4<zzz>; HiZ drive
v000002931e443620_0 .net "ALUOP", 2 0, o000002931e44d288;  0 drivers
o000002931e44d2b8 .functor BUFZ 64, C4<zzzzzzzzzzzzzzzzzzzzzzzzzzzzzzzzzzzzzzzzzzzzzzzzzzzzzzzzzzzzzzzz>; HiZ drive
v000002931e442fe0_0 .net "B", 63 0, o000002931e44d2b8;  0 drivers
v000002931e4434e0_0 .var "BF", 0 0;
v000002931e4431c0_0 .var "ZF", 0 0;
v000002931e4436c0_0 .var "result", 63 0;
E_000002931e44bd20 .event anyedge, v000002931e443620_0, v000002931e443760_0, v000002931e442fe0_0;
S_000002931e438630 .scope module, "instruction_memory" "instruction_memory" 3 11;
 .timescale 0 0;
    .port_info 0 /INPUT 64 "pc";
    .port_info 1 /OUTPUT 32 "instruction";
v000002931e443800_0 .net *"_ivl_10", 31 0, L_000002931e4a7d30;  1 drivers
v000002931e4438a0_0 .net *"_ivl_12", 7 0, L_000002931e4a7c90;  1 drivers
v000002931e443940_0 .net *"_ivl_14", 31 0, L_000002931e4a7970;  1 drivers
L_000002931e500118 .functor BUFT 1, C4<0000000000000000>, C4<0>, C4<0>, C4<0>;
v000002931e443260_0 .net *"_ivl_17", 15 0, L_000002931e500118;  1 drivers
L_000002931e500160 .functor BUFT 1, C4<00000000000000000000000000000010>, C4<0>, C4<0>, C4<0>;
v000002931e4439e0_0 .net/2u *"_ivl_18", 31 0, L_000002931e500160;  1 drivers
v000002931e443a80_0 .net *"_ivl_2", 7 0, L_000002931e4a6930;  1 drivers
v000002931e443b20_0 .net *"_ivl_20", 31 0, L_000002931e4a7ab0;  1 drivers
v000002931e443bc0_0 .net *"_ivl_22", 7 0, L_000002931e4a7470;  1 drivers
v000002931e4a4880_0 .net *"_ivl_24", 31 0, L_000002931e4a6430;  1 drivers
L_000002931e5001a8 .functor BUFT 1, C4<0000000000000000>, C4<0>, C4<0>, C4<0>;
v000002931e4a46a0_0 .net *"_ivl_27", 15 0, L_000002931e5001a8;  1 drivers
L_000002931e5001f0 .functor BUFT 1, C4<00000000000000000000000000000001>, C4<0>, C4<0>, C4<0>;
v000002931e4a4e20_0 .net/2u *"_ivl_28", 31 0, L_000002931e5001f0;  1 drivers
v000002931e4a4c40_0 .net *"_ivl_30", 31 0, L_000002931e4a7b50;  1 drivers
v000002931e4a4560_0 .net *"_ivl_32", 7 0, L_000002931e4a64d0;  1 drivers
v000002931e4a6180_0 .net *"_ivl_34", 17 0, L_000002931e4a6570;  1 drivers
L_000002931e500238 .functor BUFT 1, C4<00>, C4<0>, C4<0>, C4<0>;
v000002931e4a5c80_0 .net *"_ivl_37", 1 0, L_000002931e500238;  1 drivers
v000002931e4a44c0_0 .net *"_ivl_4", 31 0, L_000002931e4a6390;  1 drivers
L_000002931e500088 .functor BUFT 1, C4<0000000000000000>, C4<0>, C4<0>, C4<0>;
v000002931e4a4600_0 .net *"_ivl_7", 15 0, L_000002931e500088;  1 drivers
L_000002931e5000d0 .functor BUFT 1, C4<00000000000000000000000000000011>, C4<0>, C4<0>, C4<0>;
v000002931e4a5a00_0 .net/2u *"_ivl_8", 31 0, L_000002931e5000d0;  1 drivers
v000002931e4a53c0_0 .net "addr", 15 0, L_000002931e4a7830;  1 drivers
v000002931e4a5280_0 .net "instruction", 31 0, L_000002931e4a6bb0;  1 drivers
v000002931e4a60e0 .array "mem", 65535 0, 7 0;
o000002931e44d858 .functor BUFZ 64, C4<zzzzzzzzzzzzzzzzzzzzzzzzzzzzzzzzzzzzzzzzzzzzzzzzzzzzzzzzzzzzzzzz>; HiZ drive
v000002931e4a4380_0 .net "pc", 63 0, o000002931e44d858;  0 drivers
L_000002931e4a7830 .part o000002931e44d858, 0, 16;
L_000002931e4a6930 .array/port v000002931e4a60e0, L_000002931e4a7d30;
L_000002931e4a6390 .concat [ 16 16 0 0], L_000002931e4a7830, L_000002931e500088;
L_000002931e4a7d30 .arith/sum 32, L_000002931e4a6390, L_000002931e5000d0;
L_000002931e4a7c90 .array/port v000002931e4a60e0, L_000002931e4a7ab0;
L_000002931e4a7970 .concat [ 16 16 0 0], L_000002931e4a7830, L_000002931e500118;
L_000002931e4a7ab0 .arith/sum 32, L_000002931e4a7970, L_000002931e500160;
L_000002931e4a7470 .array/port v000002931e4a60e0, L_000002931e4a7b50;
L_000002931e4a6430 .concat [ 16 16 0 0], L_000002931e4a7830, L_000002931e5001a8;
L_000002931e4a7b50 .arith/sum 32, L_000002931e4a6430, L_000002931e5001f0;
L_000002931e4a64d0 .array/port v000002931e4a60e0, L_000002931e4a6570;
L_000002931e4a6570 .concat [ 16 2 0 0], L_000002931e4a7830, L_000002931e500238;
L_000002931e4a6bb0 .concat [ 8 8 8 8], L_000002931e4a64d0, L_000002931e4a7470, L_000002931e4a7c90, L_000002931e4a6930;
S_000002931e4387c0 .scope module, "tb_ID_stage" "tb_ID_stage" 4 2;
 .timescale -9 -12;
v000002931e4a6f70_0 .net "alu_control", 3 0, v000002931e4a4740_0;  1 drivers
v000002931e4a8050_0 .net "alu_src", 0 0, v000002931e4a47e0_0;  1 drivers
v000002931e4a67f0_0 .var "clk", 0 0;
v000002931e4a80f0_0 .net "imm_out", 63 0, v000002931e4a4b00_0;  1 drivers
v000002931e4a6cf0_0 .var "instruction", 31 0;
v000002931e4a7290_0 .net "mem_read", 0 0, v000002931e4a49c0_0;  1 drivers
v000002931e4a6890_0 .net "mem_to_reg", 0 0, v000002931e4a4a60_0;  1 drivers
v000002931e4a6ed0_0 .net "mem_write", 0 0, v000002931e4a4ce0_0;  1 drivers
v000002931e4a7010_0 .net "rd", 4 0, L_000002931e4a69d0;  1 drivers
v000002931e4a7bf0_0 .net "read_data1", 63 0, L_000002931e439e00;  1 drivers
v000002931e4a7dd0_0 .net "read_data2", 63 0, L_000002931e439e70;  1 drivers
v000002931e4a7330_0 .net "reg_write", 0 0, v000002931e4a50a0_0;  1 drivers
v000002931e4a6e30_0 .var "reg_write_wb", 0 0;
v000002931e4a6a70_0 .var "write_back_data", 63 0;
v000002931e4a76f0_0 .var "write_reg", 4 0;
S_000002931e434070 .scope module, "uut" "ID_stage" 4 24, 5 16 0, S_000002931e4387c0;
 .timescale 0 0;
    .port_info 0 /INPUT 1 "clk";
    .port_info 1 /INPUT 32 "instruction";
    .port_info 2 /INPUT 64 "write_back_data";
    .port_info 3 /INPUT 5 "write_reg";
    .port_info 4 /INPUT 1 "reg_write_wb";
    .port_info 5 /OUTPUT 64 "read_data1";
    .port_info 6 /OUTPUT 64 "read_data2";
    .port_info 7 /OUTPUT 64 "imm_out";
    .port_info 8 /OUTPUT 5 "rd";
    .port_info 9 /OUTPUT 1 "reg_write";
    .port_info 10 /OUTPUT 1 "mem_read";
    .port_info 11 /OUTPUT 1 "mem_write";
    .port_info 12 /OUTPUT 1 "alu_src";
    .port_info 13 /OUTPUT 1 "mem_to_reg";
    .port_info 14 /OUTPUT 4 "alu_control";
v000002931e4a5f00_0 .net "alu_control", 3 0, v000002931e4a4740_0;  alias, 1 drivers
v000002931e4a5780_0 .net "alu_src", 0 0, v000002931e4a47e0_0;  alias, 1 drivers
v000002931e4a5fa0_0 .net "clk", 0 0, v000002931e4a67f0_0;  1 drivers
v000002931e4a5820_0 .net "imm_out", 63 0, v000002931e4a4b00_0;  alias, 1 drivers
v000002931e4a6040_0 .net "imm_type", 2 0, v000002931e4a4420_0;  1 drivers
v000002931e4a5960_0 .net "instruction", 31 0, v000002931e4a6cf0_0;  1 drivers
v000002931e4a66b0_0 .net "mem_read", 0 0, v000002931e4a49c0_0;  alias, 1 drivers
v000002931e4a7e70_0 .net "mem_to_reg", 0 0, v000002931e4a4a60_0;  alias, 1 drivers
v000002931e4a78d0_0 .net "mem_write", 0 0, v000002931e4a4ce0_0;  alias, 1 drivers
v000002931e4a7f10_0 .net "rd", 4 0, L_000002931e4a69d0;  alias, 1 drivers
v000002931e4a73d0_0 .net "read_data1", 63 0, L_000002931e439e00;  alias, 1 drivers
v000002931e4a8190_0 .net "read_data2", 63 0, L_000002931e439e70;  alias, 1 drivers
v000002931e4a7fb0_0 .net "reg_write", 0 0, v000002931e4a50a0_0;  alias, 1 drivers
v000002931e4a75b0_0 .net "reg_write_wb", 0 0, v000002931e4a6e30_0;  1 drivers
v000002931e4a6750_0 .net "rs1", 4 0, L_000002931e4a6610;  1 drivers
v000002931e4a7650_0 .net "rs2", 4 0, L_000002931e4a7a10;  1 drivers
v000002931e4a7790_0 .net "write_back_data", 63 0, v000002931e4a6a70_0;  1 drivers
v000002931e4a8230_0 .net "write_reg", 4 0, v000002931e4a76f0_0;  1 drivers
L_000002931e4a6610 .part v000002931e4a6cf0_0, 15, 5;
L_000002931e4a7a10 .part v000002931e4a6cf0_0, 20, 5;
L_000002931e4a69d0 .part v000002931e4a6cf0_0, 7, 5;
S_000002931e434200 .scope module, "CU" "ControlUnit" 5 45, 6 9 0, S_000002931e434070;
 .timescale 0 0;
    .port_info 0 /INPUT 32 "instruction";
    .port_info 1 /OUTPUT 1 "reg_write";
    .port_info 2 /OUTPUT 1 "mem_read";
    .port_info 3 /OUTPUT 1 "mem_write";
    .port_info 4 /OUTPUT 1 "alu_src";
    .port_info 5 /OUTPUT 1 "mem_to_reg";
    .port_info 6 /OUTPUT 4 "alu_control";
    .port_info 7 /OUTPUT 3 "imm_type";
P_000002931e410690 .param/l "BRANCH" 1 6 30, C4<1100011>;
P_000002931e4106c8 .param/l "I_TYPE" 1 6 27, C4<0010011>;
P_000002931e410700 .param/l "LOAD" 1 6 28, C4<0000011>;
P_000002931e410738 .param/l "R_TYPE" 1 6 26, C4<0110011>;
P_000002931e410770 .param/l "STORE" 1 6 29, C4<0100011>;
v000002931e4a4740_0 .var "alu_control", 3 0;
v000002931e4a47e0_0 .var "alu_src", 0 0;
v000002931e4a4920_0 .net "bit30", 0 0, L_000002931e4a6d90;  1 drivers
v000002931e4a6220_0 .net "funct3", 2 0, L_000002931e4a6c50;  1 drivers
v000002931e4a4420_0 .var "imm_type", 2 0;
v000002931e4a5aa0_0 .net "instruction", 31 0, v000002931e4a6cf0_0;  alias, 1 drivers
v000002931e4a49c0_0 .var "mem_read", 0 0;
v000002931e4a4a60_0 .var "mem_to_reg", 0 0;
v000002931e4a4ce0_0 .var "mem_write", 0 0;
v000002931e4a4d80_0 .net "opcode", 6 0, L_000002931e4a6b10;  1 drivers
v000002931e4a50a0_0 .var "reg_write", 0 0;
E_000002931e44b660 .event anyedge, v000002931e4a4d80_0, v000002931e4a6220_0, v000002931e4a4920_0;
L_000002931e4a6b10 .part v000002931e4a6cf0_0, 0, 7;
L_000002931e4a6c50 .part v000002931e4a6cf0_0, 12, 3;
L_000002931e4a6d90 .part v000002931e4a6cf0_0, 30, 1;
S_000002931e42bf10 .scope module, "IG" "ImmGen" 5 69, 7 23 0, S_000002931e434070;
 .timescale 0 0;
    .port_info 0 /INPUT 32 "instruction";
    .port_info 1 /INPUT 3 "imm_type";
    .port_info 2 /OUTPUT 64 "imm_out";
v000002931e4a4b00_0 .var "imm_out", 63 0;
v000002931e4a5be0_0 .net "imm_type", 2 0, v000002931e4a4420_0;  alias, 1 drivers
v000002931e4a4ba0_0 .net "instruction", 31 0, v000002931e4a6cf0_0;  alias, 1 drivers
E_000002931e44bd60 .event anyedge, v000002931e4a4420_0, v000002931e4a5aa0_0;
S_000002931e42c0a0 .scope module, "RF" "RegFile" 5 57, 8 32 0, S_000002931e434070;
 .timescale 0 0;
    .port_info 0 /INPUT 1 "clk";
    .port_info 1 /INPUT 1 "reg_write";
    .port_info 2 /INPUT 5 "rs1";
    .port_info 3 /INPUT 5 "rs2";
    .port_info 4 /INPUT 5 "rd";
    .port_info 5 /INPUT 64 "write_data";
    .port_info 6 /OUTPUT 64 "read_data1";
    .port_info 7 /OUTPUT 64 "read_data2";
L_000002931e439e00 .functor BUFZ 64, L_000002931e4a70b0, C4<0000000000000000000000000000000000000000000000000000000000000000>, C4<0000000000000000000000000000000000000000000000000000000000000000>, C4<0000000000000000000000000000000000000000000000000000000000000000>;
L_000002931e439e70 .functor BUFZ 64, L_000002931e4a71f0, C4<0000000000000000000000000000000000000000000000000000000000000000>, C4<0000000000000000000000000000000000000000000000000000000000000000>, C4<0000000000000000000000000000000000000000000000000000000000000000>;
v000002931e4a5140_0 .net *"_ivl_0", 63 0, L_000002931e4a70b0;  1 drivers
v000002931e4a4ec0_0 .net *"_ivl_10", 6 0, L_000002931e4a7510;  1 drivers
L_000002931e5002c8 .functor BUFT 1, C4<00>, C4<0>, C4<0>, C4<0>;
v000002931e4a4f60_0 .net *"_ivl_13", 1 0, L_000002931e5002c8;  1 drivers
v000002931e4a5000_0 .net *"_ivl_2", 6 0, L_000002931e4a7150;  1 drivers
L_000002931e500280 .functor BUFT 1, C4<00>, C4<0>, C4<0>, C4<0>;
v000002931e4a5320_0 .net *"_ivl_5", 1 0, L_000002931e500280;  1 drivers
v000002931e4a51e0_0 .net *"_ivl_8", 63 0, L_000002931e4a71f0;  1 drivers
v000002931e4a5d20_0 .net "clk", 0 0, v000002931e4a67f0_0;  alias, 1 drivers
v000002931e4a58c0_0 .var/i "i", 31 0;
v000002931e4a5460_0 .net "rd", 4 0, v000002931e4a76f0_0;  alias, 1 drivers
v000002931e4a5500_0 .net "read_data1", 63 0, L_000002931e439e00;  alias, 1 drivers
v000002931e4a55a0_0 .net "read_data2", 63 0, L_000002931e439e70;  alias, 1 drivers
v000002931e4a5dc0_0 .net "reg_write", 0 0, v000002931e4a6e30_0;  alias, 1 drivers
v000002931e4a5e60 .array "regs", 31 0, 63 0;
v000002931e4a5640_0 .net "rs1", 4 0, L_000002931e4a6610;  alias, 1 drivers
v000002931e4a5b40_0 .net "rs2", 4 0, L_000002931e4a7a10;  alias, 1 drivers
v000002931e4a56e0_0 .net "write_data", 63 0, v000002931e4a6a70_0;  alias, 1 drivers
E_000002931e44b8e0 .event posedge, v000002931e4a5d20_0;
L_000002931e4a70b0 .array/port v000002931e4a5e60, L_000002931e4a7150;
L_000002931e4a7150 .concat [ 5 2 0 0], L_000002931e4a6610, L_000002931e500280;
L_000002931e4a71f0 .array/port v000002931e4a5e60, L_000002931e4a7510;
L_000002931e4a7510 .concat [ 5 2 0 0], L_000002931e4a7a10, L_000002931e5002c8;
    .scope S_000002931e4145e0;
T_0 ;
    %wait E_000002931e44bd20;
    %pushi/vec4 0, 0, 64;
    %store/vec4 v000002931e4436c0_0, 0, 64;
    %pushi/vec4 0, 0, 1;
    %store/vec4 v000002931e4431c0_0, 0, 1;
    %pushi/vec4 0, 0, 1;
    %store/vec4 v000002931e4434e0_0, 0, 1;
    %load/vec4 v000002931e443620_0;
    %dup/vec4;
    %pushi/vec4 0, 0, 3;
    %cmp/u;
    %jmp/1 T_0.0, 6;
    %dup/vec4;
    %pushi/vec4 1, 0, 3;
    %cmp/u;
    %jmp/1 T_0.1, 6;
    %dup/vec4;
    %pushi/vec4 2, 0, 3;
    %cmp/u;
    %jmp/1 T_0.2, 6;
    %dup/vec4;
    %pushi/vec4 3, 0, 3;
    %cmp/u;
    %jmp/1 T_0.3, 6;
    %dup/vec4;
    %pushi/vec4 4, 0, 3;
    %cmp/u;
    %jmp/1 T_0.4, 6;
    %dup/vec4;
    %pushi/vec4 5, 0, 3;
    %cmp/u;
    %jmp/1 T_0.5, 6;
    %dup/vec4;
    %pushi/vec4 6, 0, 3;
    %cmp/u;
    %jmp/1 T_0.6, 6;
    %dup/vec4;
    %pushi/vec4 7, 0, 3;
    %cmp/u;
    %jmp/1 T_0.7, 6;
    %pushi/vec4 0, 0, 64;
    %store/vec4 v000002931e4436c0_0, 0, 64;
    %jmp T_0.9;
T_0.0 ;
    %load/vec4 v000002931e443760_0;
    %load/vec4 v000002931e442fe0_0;
    %add;
    %store/vec4 v000002931e4436c0_0, 0, 64;
    %jmp T_0.9;
T_0.1 ;
    %load/vec4 v000002931e443760_0;
    %load/vec4 v000002931e442fe0_0;
    %sub;
    %store/vec4 v000002931e4436c0_0, 0, 64;
    %load/vec4 v000002931e443760_0;
    %load/vec4 v000002931e442fe0_0;
    %cmp/e;
    %flag_get/vec4 4;
    %store/vec4 v000002931e4431c0_0, 0, 1;
    %load/vec4 v000002931e442fe0_0;
    %load/vec4 v000002931e443760_0;
    %cmp/s;
    %flag_get/vec4 4;
    %flag_get/vec4 5;
    %or;
    %store/vec4 v000002931e4434e0_0, 0, 1;
    %jmp T_0.9;
T_0.2 ;
    %load/vec4 v000002931e443760_0;
    %load/vec4 v000002931e442fe0_0;
    %and;
    %store/vec4 v000002931e4436c0_0, 0, 64;
    %jmp T_0.9;
T_0.3 ;
    %load/vec4 v000002931e443760_0;
    %load/vec4 v000002931e442fe0_0;
    %or;
    %store/vec4 v000002931e4436c0_0, 0, 64;
    %jmp T_0.9;
T_0.4 ;
    %load/vec4 v000002931e443760_0;
    %load/vec4 v000002931e442fe0_0;
    %xor;
    %store/vec4 v000002931e4436c0_0, 0, 64;
    %jmp T_0.9;
T_0.5 ;
    %load/vec4 v000002931e443760_0;
    %ix/getv 4, v000002931e442fe0_0;
    %shiftr 4;
    %store/vec4 v000002931e4436c0_0, 0, 64;
    %jmp T_0.9;
T_0.6 ;
    %load/vec4 v000002931e443760_0;
    %ix/getv 4, v000002931e442fe0_0;
    %shiftr/s 4;
    %store/vec4 v000002931e4436c0_0, 0, 64;
    %jmp T_0.9;
T_0.7 ;
    %load/vec4 v000002931e443760_0;
    %load/vec4 v000002931e442fe0_0;
    %cmp/u;
    %flag_get/vec4 5;
    %pad/u 64;
    %store/vec4 v000002931e4436c0_0, 0, 64;
    %jmp T_0.9;
T_0.9 ;
    %pop/vec4 1;
    %jmp T_0;
    .thread T_0, $push;
    .scope S_000002931e438630;
T_1 ;
    %pushi/vec4 120, 0, 8;
    %ix/load 4, 0, 0;
    %flag_set/imm 4, 0;
    %store/vec4a v000002931e4a60e0, 4, 0;
    %pushi/vec4 86, 0, 8;
    %ix/load 4, 1, 0;
    %flag_set/imm 4, 0;
    %store/vec4a v000002931e4a60e0, 4, 0;
    %pushi/vec4 52, 0, 8;
    %ix/load 4, 2, 0;
    %flag_set/imm 4, 0;
    %store/vec4a v000002931e4a60e0, 4, 0;
    %pushi/vec4 18, 0, 8;
    %ix/load 4, 3, 0;
    %flag_set/imm 4, 0;
    %store/vec4a v000002931e4a60e0, 4, 0;
    %pushi/vec4 221, 0, 8;
    %ix/load 4, 4, 0;
    %flag_set/imm 4, 0;
    %store/vec4a v000002931e4a60e0, 4, 0;
    %pushi/vec4 204, 0, 8;
    %ix/load 4, 5, 0;
    %flag_set/imm 4, 0;
    %store/vec4a v000002931e4a60e0, 4, 0;
    %pushi/vec4 187, 0, 8;
    %ix/load 4, 6, 0;
    %flag_set/imm 4, 0;
    %store/vec4a v000002931e4a60e0, 4, 0;
    %pushi/vec4 170, 0, 8;
    %ix/load 4, 7, 0;
    %flag_set/imm 4, 0;
    %store/vec4a v000002931e4a60e0, 4, 0;
    %pushi/vec4 68, 0, 8;
    %ix/load 4, 8, 0;
    %flag_set/imm 4, 0;
    %store/vec4a v000002931e4a60e0, 4, 0;
    %pushi/vec4 51, 0, 8;
    %ix/load 4, 9, 0;
    %flag_set/imm 4, 0;
    %store/vec4a v000002931e4a60e0, 4, 0;
    %pushi/vec4 34, 0, 8;
    %ix/load 4, 10, 0;
    %flag_set/imm 4, 0;
    %store/vec4a v000002931e4a60e0, 4, 0;
    %pushi/vec4 17, 0, 8;
    %ix/load 4, 11, 0;
    %flag_set/imm 4, 0;
    %store/vec4a v000002931e4a60e0, 4, 0;
    %end;
    .thread T_1;
    .scope S_000002931e434200;
T_2 ;
    %wait E_000002931e44b660;
    %pushi/vec4 0, 0, 1;
    %store/vec4 v000002931e4a50a0_0, 0, 1;
    %pushi/vec4 0, 0, 1;
    %store/vec4 v000002931e4a49c0_0, 0, 1;
    %pushi/vec4 0, 0, 1;
    %store/vec4 v000002931e4a4ce0_0, 0, 1;
    %pushi/vec4 0, 0, 1;
    %store/vec4 v000002931e4a47e0_0, 0, 1;
    %pushi/vec4 0, 0, 1;
    %store/vec4 v000002931e4a4a60_0, 0, 1;
    %pushi/vec4 0, 0, 4;
    %store/vec4 v000002931e4a4740_0, 0, 4;
    %pushi/vec4 0, 0, 3;
    %store/vec4 v000002931e4a4420_0, 0, 3;
    %load/vec4 v000002931e4a4d80_0;
    %dup/vec4;
    %pushi/vec4 51, 0, 7;
    %cmp/u;
    %jmp/1 T_2.0, 6;
    %dup/vec4;
    %pushi/vec4 19, 0, 7;
    %cmp/u;
    %jmp/1 T_2.1, 6;
    %dup/vec4;
    %pushi/vec4 3, 0, 7;
    %cmp/u;
    %jmp/1 T_2.2, 6;
    %dup/vec4;
    %pushi/vec4 35, 0, 7;
    %cmp/u;
    %jmp/1 T_2.3, 6;
    %dup/vec4;
    %pushi/vec4 99, 0, 7;
    %cmp/u;
    %jmp/1 T_2.4, 6;
    %jmp T_2.5;
T_2.0 ;
    %pushi/vec4 1, 0, 1;
    %store/vec4 v000002931e4a50a0_0, 0, 1;
    %load/vec4 v000002931e4a6220_0;
    %cmpi/e 0, 0, 3;
    %flag_get/vec4 4;
    %jmp/0 T_2.8, 4;
    %load/vec4 v000002931e4a4920_0;
    %pushi/vec4 1, 0, 1;
    %cmp/e;
    %flag_get/vec4 4;
    %and;
T_2.8;
    %flag_set/vec4 8;
    %jmp/0xz  T_2.6, 8;
    %pushi/vec4 6, 0, 4;
    %store/vec4 v000002931e4a4740_0, 0, 4;
    %jmp T_2.7;
T_2.6 ;
    %load/vec4 v000002931e4a6220_0;
    %cmpi/e 0, 0, 3;
    %jmp/0xz  T_2.9, 4;
    %pushi/vec4 2, 0, 4;
    %store/vec4 v000002931e4a4740_0, 0, 4;
    %jmp T_2.10;
T_2.9 ;
    %load/vec4 v000002931e4a6220_0;
    %cmpi/e 7, 0, 3;
    %jmp/0xz  T_2.11, 4;
    %pushi/vec4 0, 0, 4;
    %store/vec4 v000002931e4a4740_0, 0, 4;
    %jmp T_2.12;
T_2.11 ;
    %load/vec4 v000002931e4a6220_0;
    %cmpi/e 6, 0, 3;
    %jmp/0xz  T_2.13, 4;
    %pushi/vec4 1, 0, 4;
    %store/vec4 v000002931e4a4740_0, 0, 4;
T_2.13 ;
T_2.12 ;
T_2.10 ;
T_2.7 ;
    %jmp T_2.5;
T_2.1 ;
    %pushi/vec4 1, 0, 1;
    %store/vec4 v000002931e4a50a0_0, 0, 1;
    %pushi/vec4 1, 0, 1;
    %store/vec4 v000002931e4a47e0_0, 0, 1;
    %pushi/vec4 0, 0, 3;
    %store/vec4 v000002931e4a4420_0, 0, 3;
    %pushi/vec4 2, 0, 4;
    %store/vec4 v000002931e4a4740_0, 0, 4;
    %jmp T_2.5;
T_2.2 ;
    %pushi/vec4 1, 0, 1;
    %store/vec4 v000002931e4a50a0_0, 0, 1;
    %pushi/vec4 1, 0, 1;
    %store/vec4 v000002931e4a49c0_0, 0, 1;
    %pushi/vec4 1, 0, 1;
    %store/vec4 v000002931e4a47e0_0, 0, 1;
    %pushi/vec4 1, 0, 1;
    %store/vec4 v000002931e4a4a60_0, 0, 1;
    %pushi/vec4 0, 0, 3;
    %store/vec4 v000002931e4a4420_0, 0, 3;
    %pushi/vec4 2, 0, 4;
    %store/vec4 v000002931e4a4740_0, 0, 4;
    %jmp T_2.5;
T_2.3 ;
    %pushi/vec4 1, 0, 1;
    %store/vec4 v000002931e4a4ce0_0, 0, 1;
    %pushi/vec4 1, 0, 1;
    %store/vec4 v000002931e4a47e0_0, 0, 1;
    %pushi/vec4 1, 0, 3;
    %store/vec4 v000002931e4a4420_0, 0, 3;
    %pushi/vec4 2, 0, 4;
    %store/vec4 v000002931e4a4740_0, 0, 4;
    %jmp T_2.5;
T_2.4 ;
    %pushi/vec4 2, 0, 3;
    %store/vec4 v000002931e4a4420_0, 0, 3;
    %pushi/vec4 6, 0, 4;
    %store/vec4 v000002931e4a4740_0, 0, 4;
    %jmp T_2.5;
T_2.5 ;
    %pop/vec4 1;
    %jmp T_2;
    .thread T_2, $push;
    .scope S_000002931e42c0a0;
T_3 ;
    %pushi/vec4 0, 0, 32;
    %store/vec4 v000002931e4a58c0_0, 0, 32;
T_3.0 ;
    %load/vec4 v000002931e4a58c0_0;
    %cmpi/s 32, 0, 32;
    %jmp/0xz T_3.1, 5;
    %pushi/vec4 0, 0, 64;
    %ix/getv/s 4, v000002931e4a58c0_0;
    %store/vec4a v000002931e4a5e60, 4, 0;
    %load/vec4 v000002931e4a58c0_0;
    %addi 1, 0, 32;
    %store/vec4 v000002931e4a58c0_0, 0, 32;
    %jmp T_3.0;
T_3.1 ;
    %end;
    .thread T_3;
    .scope S_000002931e42c0a0;
T_4 ;
    %wait E_000002931e44b8e0;
    %load/vec4 v000002931e4a5dc0_0;
    %flag_set/vec4 9;
    %flag_get/vec4 9;
    %jmp/0 T_4.2, 9;
    %load/vec4 v000002931e4a5460_0;
    %pushi/vec4 0, 0, 5;
    %cmp/ne;
    %flag_get/vec4 4;
    %and;
T_4.2;
    %flag_set/vec4 8;
    %jmp/0xz  T_4.0, 8;
    %load/vec4 v000002931e4a56e0_0;
    %load/vec4 v000002931e4a5460_0;
    %pad/u 7;
    %ix/vec4 3;
    %ix/load 4, 0, 0; Constant delay
    %assign/vec4/a/d v000002931e4a5e60, 0, 4;
T_4.0 ;
    %jmp T_4;
    .thread T_4;
    .scope S_000002931e42bf10;
T_5 ;
    %wait E_000002931e44bd60;
    %load/vec4 v000002931e4a5be0_0;
    %dup/vec4;
    %pushi/vec4 0, 0, 3;
    %cmp/u;
    %jmp/1 T_5.0, 6;
    %dup/vec4;
    %pushi/vec4 1, 0, 3;
    %cmp/u;
    %jmp/1 T_5.1, 6;
    %dup/vec4;
    %pushi/vec4 2, 0, 3;
    %cmp/u;
    %jmp/1 T_5.2, 6;
    %dup/vec4;
    %pushi/vec4 3, 0, 3;
    %cmp/u;
    %jmp/1 T_5.3, 6;
    %pushi/vec4 0, 0, 64;
    %store/vec4 v000002931e4a4b00_0, 0, 64;
    %jmp T_5.5;
T_5.0 ;
    %load/vec4 v000002931e4a4ba0_0;
    %parti/s 1, 31, 6;
    %replicate 52;
    %load/vec4 v000002931e4a4ba0_0;
    %parti/s 12, 20, 6;
    %concat/vec4; draw_concat_vec4
    %store/vec4 v000002931e4a4b00_0, 0, 64;
    %jmp T_5.5;
T_5.1 ;
    %load/vec4 v000002931e4a4ba0_0;
    %parti/s 1, 31, 6;
    %replicate 52;
    %load/vec4 v000002931e4a4ba0_0;
    %parti/s 7, 25, 6;
    %concat/vec4; draw_concat_vec4
    %load/vec4 v000002931e4a4ba0_0;
    %parti/s 5, 7, 4;
    %concat/vec4; draw_concat_vec4
    %store/vec4 v000002931e4a4b00_0, 0, 64;
    %jmp T_5.5;
T_5.2 ;
    %load/vec4 v000002931e4a4ba0_0;
    %parti/s 1, 31, 6;
    %replicate 51;
    %load/vec4 v000002931e4a4ba0_0;
    %parti/s 1, 31, 6;
    %concat/vec4; draw_concat_vec4
    %load/vec4 v000002931e4a4ba0_0;
    %parti/s 1, 7, 4;
    %concat/vec4; draw_concat_vec4
    %load/vec4 v000002931e4a4ba0_0;
    %parti/s 6, 25, 6;
    %concat/vec4; draw_concat_vec4
    %load/vec4 v000002931e4a4ba0_0;
    %parti/s 4, 8, 5;
    %concat/vec4; draw_concat_vec4
    %concati/vec4 0, 0, 1;
    %store/vec4 v000002931e4a4b00_0, 0, 64;
    %jmp T_5.5;
T_5.3 ;
    %load/vec4 v000002931e4a4ba0_0;
    %parti/s 1, 31, 6;
    %replicate 43;
    %load/vec4 v000002931e4a4ba0_0;
    %parti/s 1, 31, 6;
    %concat/vec4; draw_concat_vec4
    %load/vec4 v000002931e4a4ba0_0;
    %parti/s 8, 12, 5;
    %concat/vec4; draw_concat_vec4
    %load/vec4 v000002931e4a4ba0_0;
    %parti/s 1, 20, 6;
    %concat/vec4; draw_concat_vec4
    %load/vec4 v000002931e4a4ba0_0;
    %parti/s 10, 21, 6;
    %concat/vec4; draw_concat_vec4
    %concati/vec4 0, 0, 1;
    %store/vec4 v000002931e4a4b00_0, 0, 64;
    %jmp T_5.5;
T_5.5 ;
    %pop/vec4 1;
    %jmp T_5;
    .thread T_5, $push;
    .scope S_000002931e4387c0;
T_6 ;
    %delay 5000, 0;
    %load/vec4 v000002931e4a67f0_0;
    %inv;
    %store/vec4 v000002931e4a67f0_0, 0, 1;
    %jmp T_6;
    .thread T_6;
    .scope S_000002931e4387c0;
T_7 ;
    %vpi_call 4 48 "$dumpfile", "id_stage_wave.vcd" {0 0 0};
    %vpi_call 4 49 "$dumpvars", 32'sb00000000000000000000000000000000, S_000002931e4387c0 {0 0 0};
    %pushi/vec4 0, 0, 1;
    %store/vec4 v000002931e4a67f0_0, 0, 1;
    %pushi/vec4 0, 0, 32;
    %store/vec4 v000002931e4a6cf0_0, 0, 32;
    %pushi/vec4 0, 0, 64;
    %store/vec4 v000002931e4a6a70_0, 0, 64;
    %pushi/vec4 0, 0, 5;
    %store/vec4 v000002931e4a76f0_0, 0, 5;
    %pushi/vec4 0, 0, 1;
    %store/vec4 v000002931e4a6e30_0, 0, 1;
    %delay 10000, 0;
    %pushi/vec4 2130560, 0, 32;
    %store/vec4 v000002931e4a6cf0_0, 0, 32;
    %delay 10000, 0;
    %pushi/vec4 1, 0, 1;
    %store/vec4 v000002931e4a6e30_0, 0, 1;
    %pushi/vec4 5, 0, 5;
    %store/vec4 v000002931e4a76f0_0, 0, 5;
    %pushi/vec4 3735928559, 0, 64;
    %store/vec4 v000002931e4a6a70_0, 0, 64;
    %delay 10000, 0;
    %pushi/vec4 0, 0, 1;
    %store/vec4 v000002931e4a6e30_0, 0, 1;
    %pushi/vec4 163840, 0, 32;
    %store/vec4 v000002931e4a6cf0_0, 0, 32;
    %delay 20000, 0;
    %vpi_call 4 89 "$finish" {0 0 0};
    %end;
    .thread T_7;
# The file index is used to find the file name in the following table.
:file_names 9;
    "N/A";
    "<interactive>";
    "ALU.v";
    "Instruction_Memory.v";
    "tb_ID_stage.v";
    "ID_stage.v";
    "ControlUnit.v";
    "ImmGen.v";
    "RegFile.v";
